13:48:39 **** Auto Build of configuration Debug for project fmcjesd ****
make all 
Building file: ../src/ad9517.c
Invoking: MicroBlaze gcc compiler
mb-gcc -Wall -O0 -g3 -c -fmessage-length=0 -MT"src/ad9517.o" -I../../srec_spi_bootloader_bsp/sys_mb_microblaze_0/include -mlittle-endian -mxl-barrel-shift -mxl-pattern-compare -mno-xl-soft-div -mcpu=v11.0 -mno-xl-soft-mul -mhard-float -Wl,--no-relax -ffunction-sections -fdata-sections -MMD -MP -MF"src/ad9517.d" -MT"src/ad9517.o" -o "src/ad9517.o" "../src/ad9517.c"
Finished building: ../src/ad9517.c
 
Building target: fmcjesd.elf
Invoking: MicroBlaze gcc linker
mb-gcc -Wl,-T -Wl,../src/lscript.ld -L../../srec_spi_bootloader_bsp/sys_mb_microblaze_0/lib -mlittle-endian -mxl-barrel-shift -mxl-pattern-compare -mno-xl-soft-div -mcpu=v11.0 -mno-xl-soft-mul -mhard-float -Wl,--no-relax -Wl,--gc-sections -o "fmcjesd.elf"  ./src/ad9250.o ./src/ad9517.o ./src/adc_core.o ./src/adxcvr.o ./src/dmac_core.o ./src/jesd_core.o ./src/main.o ./src/platform.o ./src/platform_drivers.o ./src/xilinx_qpll.o ./src/xilinx_xcvr_channel.o   -Wl,--start-group,-lxil,-lgcc,-lc,--end-group -Wl,--start-group,-lxilisf,-lxil,-lgcc,-lc,--end-group
Finished building target: fmcjesd.elf
 
Invoking: MicroBlaze Print Size
mb-size fmcjesd.elf  |tee "fmcjesd.elf.size"
   text	   data	    bss	    dec	    hex	filename
  95448	   1788	   5220	 102456	  19038	fmcjesd.elf
Finished building: fmcjesd.elf.size
 

13:48:40 Build Finished (took 225ms)

