10:00:19 **** Clean-only build of configuration Debug for project fmcjesd ****
make clean 
rm -rf  ./src/ad9250.o ./src/ad9517.o ./src/adc_core.o ./src/adxcvr.o ./src/dmac_core.o ./src/jesd_core.o ./src/main.o ./src/platform.o ./src/platform_drivers.o ./src/xilinx_qpll.o ./src/xilinx_xcvr_channel.o  ./src/ad9250.d ./src/ad9517.d ./src/adc_core.d ./src/adxcvr.d ./src/dmac_core.d ./src/jesd_core.d ./src/main.d ./src/platform.d ./src/platform_drivers.d ./src/xilinx_qpll.d ./src/xilinx_xcvr_channel.d  fmcjesd.elf.size  fmcjesd.elf
 
10:00:19 **** Clean-only build of project srec_spi_bootloader_bsp ****
make -k clean 
make -C sys_mb_microblaze_0/libsrc/tmrctr_v4_5/src -s clean 
make -C sys_mb_microblaze_0/libsrc/standalone_v7_0/src -s clean 
make -C sys_mb_microblaze_0/libsrc/spi_v4_4/src -s clean 
make -C sys_mb_microblaze_0/libsrc/iic_v3_5/src -s clean 
make -C sys_mb_microblaze_0/libsrc/uartlite_v3_2/src -s clean 
make -C sys_mb_microblaze_0/libsrc/bram_v4_3/src -s clean 
make -C sys_mb_microblaze_0/libsrc/cpu_v2_9/src -s clean 
make -C sys_mb_microblaze_0/libsrc/gpio_v4_4/src -s clean 
make -C sys_mb_microblaze_0/libsrc/intc_v3_9/src -s clean 
make -C sys_mb_microblaze_0/libsrc/xilisf_v5_13/src -s clean 
rm -f sys_mb_microblaze_0/lib/libxil.a
10:00:20 **** Build of project srec_spi_bootloader_bsp ****
make -k all 
Running Make include in sys_mb_microblaze_0/libsrc/tmrctr_v4_5/src
make -C sys_mb_microblaze_0/libsrc/tmrctr_v4_5/src -s include  "SHELL=/bin/sh" "COMPILER=mb-gcc" "ARCHIVER=mb-ar" "COMPILER_FLAGS=  -O2 -c -mcpu=v11.0 -mhard-float -mlittle-endian -mno-xl-soft-div -mno-xl-soft-mul -mxl-barrel-shift -mxl-pattern-compare" "EXTRA_COMPILER_FLAGS=-ffunction-sections -fdata-sections -Wall -Wextra"
Running Make include in sys_mb_microblaze_0/libsrc/standalone_v7_0/src
make -C sys_mb_microblaze_0/libsrc/standalone_v7_0/src -s include  "SHELL=/bin/sh" "COMPILER=mb-gcc" "ARCHIVER=mb-ar" "COMPILER_FLAGS=  -O2 -c -mcpu=v11.0 -mhard-float -mlittle-endian -mno-xl-soft-div -mno-xl-soft-mul -mxl-barrel-shift -mxl-pattern-compare" "EXTRA_COMPILER_FLAGS=-ffunction-sections -fdata-sections -Wall -Wextra"
Running Make include in sys_mb_microblaze_0/libsrc/spi_v4_4/src
make -C sys_mb_microblaze_0/libsrc/spi_v4_4/src -s include  "SHELL=/bin/sh" "COMPILER=mb-gcc" "ARCHIVER=mb-ar" "COMPILER_FLAGS=  -O2 -c -mcpu=v11.0 -mhard-float -mlittle-endian -mno-xl-soft-div -mno-xl-soft-mul -mxl-barrel-shift -mxl-pattern-compare" "EXTRA_COMPILER_FLAGS=-ffunction-sections -fdata-sections -Wall -Wextra"
Running Make include in sys_mb_microblaze_0/libsrc/iic_v3_5/src
make -C sys_mb_microblaze_0/libsrc/iic_v3_5/src -s include  "SHELL=/bin/sh" "COMPILER=mb-gcc" "ARCHIVER=mb-ar" "COMPILER_FLAGS=  -O2 -c -mcpu=v11.0 -mhard-float -mlittle-endian -mno-xl-soft-div -mno-xl-soft-mul -mxl-barrel-shift -mxl-pattern-compare" "EXTRA_COMPILER_FLAGS=-ffunction-sections -fdata-sections -Wall -Wextra"
Running Make include in sys_mb_microblaze_0/libsrc/uartlite_v3_2/src
make -C sys_mb_microblaze_0/libsrc/uartlite_v3_2/src -s include  "SHELL=/bin/sh" "COMPILER=mb-gcc" "ARCHIVER=mb-ar" "COMPILER_FLAGS=  -O2 -c -mcpu=v11.0 -mhard-float -mlittle-endian -mno-xl-soft-div -mno-xl-soft-mul -mxl-barrel-shift -mxl-pattern-compare" "EXTRA_COMPILER_FLAGS=-ffunction-sections -fdata-sections -Wall -Wextra"
Running Make include in sys_mb_microblaze_0/libsrc/bram_v4_3/src
make -C sys_mb_microblaze_0/libsrc/bram_v4_3/src -s include  "SHELL=/bin/sh" "COMPILER=mb-gcc" "ARCHIVER=mb-ar" "COMPILER_FLAGS=  -O2 -c -mcpu=v11.0 -mhard-float -mlittle-endian -mno-xl-soft-div -mno-xl-soft-mul -mxl-barrel-shift -mxl-pattern-compare" "EXTRA_COMPILER_FLAGS=-ffunction-sections -fdata-sections -Wall -Wextra"
Running Make include in sys_mb_microblaze_0/libsrc/cpu_v2_9/src
make -C sys_mb_microblaze_0/libsrc/cpu_v2_9/src -s include  "SHELL=/bin/sh" "COMPILER=mb-gcc" "ARCHIVER=mb-ar" "COMPILER_FLAGS=  -O2 -c -mcpu=v11.0 -mhard-float -mlittle-endian -mno-xl-soft-div -mno-xl-soft-mul -mxl-barrel-shift -mxl-pattern-compare" "EXTRA_COMPILER_FLAGS=-ffunction-sections -fdata-sections -Wall -Wextra"
Running Make include in sys_mb_microblaze_0/libsrc/gpio_v4_4/src
make -C sys_mb_microblaze_0/libsrc/gpio_v4_4/src -s include  "SHELL=/bin/sh" "COMPILER=mb-gcc" "ARCHIVER=mb-ar" "COMPILER_FLAGS=  -O2 -c -mcpu=v11.0 -mhard-float -mlittle-endian -mno-xl-soft-div -mno-xl-soft-mul -mxl-barrel-shift -mxl-pattern-compare" "EXTRA_COMPILER_FLAGS=-ffunction-sections -fdata-sections -Wall -Wextra"
Running Make include in sys_mb_microblaze_0/libsrc/intc_v3_9/src
make -C sys_mb_microblaze_0/libsrc/intc_v3_9/src -s include  "SHELL=/bin/sh" "COMPILER=mb-gcc" "ARCHIVER=mb-ar" "COMPILER_FLAGS=  -O2 -c -mcpu=v11.0 -mhard-float -mlittle-endian -mno-xl-soft-div -mno-xl-soft-mul -mxl-barrel-shift -mxl-pattern-compare" "EXTRA_COMPILER_FLAGS=-ffunction-sections -fdata-sections -Wall -Wextra"
Running Make include in sys_mb_microblaze_0/libsrc/xilisf_v5_13/src
make -C sys_mb_microblaze_0/libsrc/xilisf_v5_13/src -s include  "SHELL=/bin/sh" "COMPILER=mb-gcc" "ARCHIVER=mb-ar" "COMPILER_FLAGS=  -O2 -c -mcpu=v11.0 -mhard-float -mlittle-endian -mno-xl-soft-div -mno-xl-soft-mul -mxl-barrel-shift -mxl-pattern-compare" "EXTRA_COMPILER_FLAGS=-ffunction-sections -fdata-sections -Wall -Wextra"
Running Make libs in sys_mb_microblaze_0/libsrc/tmrctr_v4_5/src
make -C sys_mb_microblaze_0/libsrc/tmrctr_v4_5/src -s libs  "SHELL=/bin/sh" "COMPILER=mb-gcc" "ARCHIVER=mb-ar" "COMPILER_FLAGS=  -O2 -c -mcpu=v11.0 -mhard-float -mlittle-endian -mno-xl-soft-div -mno-xl-soft-mul -mxl-barrel-shift -mxl-pattern-compare" "EXTRA_COMPILER_FLAGS=-ffunction-sections -fdata-sections -Wall -Wextra"
Compiling tmrctr
mb-ar: creating ../../../lib/libxil.a
Running Make libs in sys_mb_microblaze_0/libsrc/standalone_v7_0/src
make -C sys_mb_microblaze_0/libsrc/standalone_v7_0/src -s libs  "SHELL=/bin/sh" "COMPILER=mb-gcc" "ARCHIVER=mb-ar" "COMPILER_FLAGS=  -O2 -c -mcpu=v11.0 -mhard-float -mlittle-endian -mno-xl-soft-div -mno-xl-soft-mul -mxl-barrel-shift -mxl-pattern-compare" "EXTRA_COMPILER_FLAGS=-ffunction-sections -fdata-sections -Wall -Wextra"
Compiling standalone
microblaze_sleep.c:77:9: note: #pragma message: For the sleep routines, assembly instructions are used
 #pragma message ("For the sleep routines, assembly instructions are used")
         ^~~~~~~
Running Make libs in sys_mb_microblaze_0/libsrc/spi_v4_4/src
make -C sys_mb_microblaze_0/libsrc/spi_v4_4/src -s libs  "SHELL=/bin/sh" "COMPILER=mb-gcc" "ARCHIVER=mb-ar" "COMPILER_FLAGS=  -O2 -c -mcpu=v11.0 -mhard-float -mlittle-endian -mno-xl-soft-div -mno-xl-soft-mul -mxl-barrel-shift -mxl-pattern-compare" "EXTRA_COMPILER_FLAGS=-ffunction-sections -fdata-sections -Wall -Wextra"
Compiling spi
Running Make libs in sys_mb_microblaze_0/libsrc/iic_v3_5/src
make -C sys_mb_microblaze_0/libsrc/iic_v3_5/src -s libs  "SHELL=/bin/sh" "COMPILER=mb-gcc" "ARCHIVER=mb-ar" "COMPILER_FLAGS=  -O2 -c -mcpu=v11.0 -mhard-float -mlittle-endian -mno-xl-soft-div -mno-xl-soft-mul -mxl-barrel-shift -mxl-pattern-compare" "EXTRA_COMPILER_FLAGS=-ffunction-sections -fdata-sections -Wall -Wextra"
Compiling iic
Running Make libs in sys_mb_microblaze_0/libsrc/uartlite_v3_2/src
make -C sys_mb_microblaze_0/libsrc/uartlite_v3_2/src -s libs  "SHELL=/bin/sh" "COMPILER=mb-gcc" "ARCHIVER=mb-ar" "COMPILER_FLAGS=  -O2 -c -mcpu=v11.0 -mhard-float -mlittle-endian -mno-xl-soft-div -mno-xl-soft-mul -mxl-barrel-shift -mxl-pattern-compare" "EXTRA_COMPILER_FLAGS=-ffunction-sections -fdata-sections -Wall -Wextra"
Compiling uartlite
Running Make libs in sys_mb_microblaze_0/libsrc/bram_v4_3/src
make -C sys_mb_microblaze_0/libsrc/bram_v4_3/src -s libs  "SHELL=/bin/sh" "COMPILER=mb-gcc" "ARCHIVER=mb-ar" "COMPILER_FLAGS=  -O2 -c -mcpu=v11.0 -mhard-float -mlittle-endian -mno-xl-soft-div -mno-xl-soft-mul -mxl-barrel-shift -mxl-pattern-compare" "EXTRA_COMPILER_FLAGS=-ffunction-sections -fdata-sections -Wall -Wextra"
Compiling bram
Running Make libs in sys_mb_microblaze_0/libsrc/cpu_v2_9/src
make -C sys_mb_microblaze_0/libsrc/cpu_v2_9/src -s libs  "SHELL=/bin/sh" "COMPILER=mb-gcc" "ARCHIVER=mb-ar" "COMPILER_FLAGS=  -O2 -c -mcpu=v11.0 -mhard-float -mlittle-endian -mno-xl-soft-div -mno-xl-soft-mul -mxl-barrel-shift -mxl-pattern-compare" "EXTRA_COMPILER_FLAGS=-ffunction-sections -fdata-sections -Wall -Wextra"
Compiling cpu
Running Make libs in sys_mb_microblaze_0/libsrc/gpio_v4_4/src
make -C sys_mb_microblaze_0/libsrc/gpio_v4_4/src -s libs  "SHELL=/bin/sh" "COMPILER=mb-gcc" "ARCHIVER=mb-ar" "COMPILER_FLAGS=  -O2 -c -mcpu=v11.0 -mhard-float -mlittle-endian -mno-xl-soft-div -mno-xl-soft-mul -mxl-barrel-shift -mxl-pattern-compare" "EXTRA_COMPILER_FLAGS=-ffunction-sections -fdata-sections -Wall -Wextra"
Compiling gpio
Running Make libs in sys_mb_microblaze_0/libsrc/intc_v3_9/src
make -C sys_mb_microblaze_0/libsrc/intc_v3_9/src -s libs  "SHELL=/bin/sh" "COMPILER=mb-gcc" "ARCHIVER=mb-ar" "COMPILER_FLAGS=  -O2 -c -mcpu=v11.0 -mhard-float -mlittle-endian -mno-xl-soft-div -mno-xl-soft-mul -mxl-barrel-shift -mxl-pattern-compare" "EXTRA_COMPILER_FLAGS=-ffunction-sections -fdata-sections -Wall -Wextra"
Compiling intc
Running Make libs in sys_mb_microblaze_0/libsrc/xilisf_v5_13/src
make -C sys_mb_microblaze_0/libsrc/xilisf_v5_13/src -s libs  "SHELL=/bin/sh" "COMPILER=mb-gcc" "ARCHIVER=mb-ar" "COMPILER_FLAGS=  -O2 -c -mcpu=v11.0 -mhard-float -mlittle-endian -mno-xl-soft-div -mno-xl-soft-mul -mxl-barrel-shift -mxl-pattern-compare" "EXTRA_COMPILER_FLAGS=-ffunction-sections -fdata-sections -Wall -Wextra"
Compiling XilIsf Library
xilisf.c: In function 'XIsf_WriteEnable':
xilisf.c:1329:6: warning: unused variable 'NULLPtr' [-Wunused-variable]
  u8 *NULLPtr = NULL;
      ^~~~~~~
xilisf.c:1328:5: warning: unused variable 'WriteEnableBuf' [-Wunused-variable]
  u8 WriteEnableBuf[1] = {0};
     ^~~~~~~~~~~~~~
xilisf.c:1327:5: warning: unused variable 'Mode' [-Wunused-variable]
  u8 Mode;
     ^~~~
xilisf.c:1324:28: warning: unused parameter 'InstancePtr' [-Wunused-parameter]
 int XIsf_WriteEnable(XIsf *InstancePtr, u8 WriteEnable)
                      ~~~~~~^~~~~~~~~~~
xilisf.c:1324:44: warning: unused parameter 'WriteEnable' [-Wunused-parameter]
 int XIsf_WriteEnable(XIsf *InstancePtr, u8 WriteEnable)
                                         ~~~^~~~~~~~~~~
xilisf.c: In function 'XIsf_Ioctl':
xilisf.c:1446:6: warning: unused variable 'NULLPtr' [-Wunused-variable]
  u8 *NULLPtr = NULL;
      ^~~~~~~
xilisf.c:1445:5: warning: unused variable 'Mode' [-Wunused-variable]
  u8 Mode;
     ^~~~
xilisf.c:1442:22: warning: unused parameter 'InstancePtr' [-Wunused-parameter]
 int XIsf_Ioctl(XIsf *InstancePtr, XIsf_IoctlOperation Operation)
                ~~~~~~^~~~~~~~~~~
xilisf.c:1442:55: warning: unused parameter 'Operation' [-Wunused-parameter]
 int XIsf_Ioctl(XIsf *InstancePtr, XIsf_IoctlOperation Operation)
                                   ~~~~~~~~~~~~~~~~~~~~^~~~~~~~~
xilisf.c: In function 'XIsf_RegisterInterface':
xilisf.c:1676:37: warning: assignment to 's32 (*)(XIsf_Iface *, u32)' {aka 'long int (*)(struct <anonymous> *, long unsigned int)'} from incompatible pointer type 'int (*)(XSpi *, u32)' {aka 'int (*)(struct <anonymous> *, long unsigned int)'} [-Wincompatible-pointer-types]
  InstancePtr->XIsf_Iface_SetOptions = XSpi_SetOptions;
                                     ^
xilisf.c:1677:41: warning: assignment to 's32 (*)(XIsf_Iface *, u8)' {aka 'long int (*)(struct <anonymous> *, unsigned char)'} from incompatible pointer type 'int (*)(XSpi *, u32)' {aka 'int (*)(struct <anonymous> *, long unsigned int)'} [-Wincompatible-pointer-types]
  InstancePtr->XIsf_Iface_SetSlaveSelect = XSpi_SetSlaveSelect;
                                         ^
xilisf.c:1678:35: warning: assignment to 's32 (*)(XIsf_Iface *, u8 *, u8 *, u32)' {aka 'long int (*)(struct <anonymous> *, unsigned char *, unsigned char *, long unsigned int)'} from incompatible pointer type 'int (*)(XSpi *, u8 *, u8 *, unsigned int)' {aka 'int (*)(struct <anonymous> *, unsigned char *, unsigned char *, unsigned int)'} [-Wincompatible-pointer-types]
  InstancePtr->XIsf_Iface_Transfer = XSpi_Transfer;
                                   ^
xilisf.c: In function 'GetRealAddr':
xilisf.c:2836:6: warning: unused variable 'LqspiCr' [-Wunused-variable]
  u32 LqspiCr;
      ^~~~~~~
xilisf.c:2832:29: warning: unused parameter 'QspiPtr' [-Wunused-parameter]
 u32 GetRealAddr(XIsf_Iface *QspiPtr, u32 Address)
                 ~~~~~~~~~~~~^~~~~~~
At top level:
xilisf.c:797:12: warning: 'XIsf_FCTIndex' defined but not used [-Wunused-variable]
 static u32 XIsf_FCTIndex;
            ^~~~~~~~~~~~~
xilisf_write.c: In function 'WriteData':
xilisf_write.c:513:5: warning: unused variable 'ReadFlagSRCmd' [-Wunused-variable]
  u8 ReadFlagSRCmd[] = {READ_FLAG_STATUS_CMD, 0};
     ^~~~~~~~~~~~~
xilisf_write.c:512:5: warning: unused variable 'ReadStatusCmdBuf' [-Wunused-variable]
  u8 ReadStatusCmdBuf[] = { READ_STATUS_CMD, 0 };
     ^~~~~~~~~~~~~~~~
xilisf_write.c:497:5: warning: unused variable 'FlashStatus' [-Wunused-variable]
  u8 FlashStatus[2] __attribute__ ((aligned(4))) = {0};
     ^~~~~~~~~~~
xilisf_write.c:491:5: warning: unused variable 'FlagStatus' [-Wunused-variable]
  u8 FlagStatus[2] = {0};
     ^~~~~~~~~~
xilisf_write.c:479:6: warning: unused variable 'BankSel' [-Wunused-variable]
  u32 BankSel;
      ^~~~~~~
xilisf_write.c:477:5: warning: unused variable 'Mode' [-Wunused-variable]
  u8 Mode;
     ^~~~
xilisf_write.c: In function 'WriteSR':
xilisf_write.c:1221:26: warning: unused parameter 'InstancePtr' [-Wunused-parameter]
 static int WriteSR(XIsf *InstancePtr, u8 SRData)
                    ~~~~~~^~~~~~~~~~~
xilisf_write.c:1221:42: warning: unused parameter 'SRData' [-Wunused-parameter]
 static int WriteSR(XIsf *InstancePtr, u8 SRData)
                                       ~~~^~~~~~
xilisf_erase.c: In function 'SubSectorErase':
xilisf_erase.c:351:5: warning: unused variable 'FlashStatus' [-Wunused-variable]
  u8 FlashStatus[2] = {0};
     ^~~~~~~~~~~
xilisf_erase.c:349:5: warning: unused variable 'ReadFlagSRCmd' [-Wunused-variable]
  u8 ReadFlagSRCmd[] = {READ_FLAG_STATUS_CMD, 0};
     ^~~~~~~~~~~~~
xilisf_erase.c:348:5: warning: unused variable 'ReadStatusCmdBuf' [-Wunused-variable]
  u8 ReadStatusCmdBuf[] = { READ_STATUS_CMD, 0 };
     ^~~~~~~~~~~~~~~~
xilisf_erase.c:347:5: warning: unused variable 'FlagStatus' [-Wunused-variable]
  u8 FlagStatus[2] = {0};
     ^~~~~~~~~~
xilisf_erase.c:345:6: warning: unused variable 'NULLPtr' [-Wunused-variable]
  u8 *NULLPtr = NULL;
      ^~~~~~~
xilisf_erase.c:344:6: warning: unused variable 'RealAddr' [-Wunused-variable]
  u32 RealAddr;
      ^~~~~~~~
xilisf_erase.c:337:33: warning: unused parameter 'InstancePtr' [-Wunused-parameter]
 static int SubSectorErase(XIsf *InstancePtr, u32 Address)
                           ~~~~~~^~~~~~~~~~~
xilisf_erase.c:337:50: warning: unused parameter 'Address' [-Wunused-parameter]
 static int SubSectorErase(XIsf *InstancePtr, u32 Address)
                                              ~~~~^~~~~~~
xilisf_erase.c: In function 'SectorErase':
xilisf_erase.c:614:14: warning: unused variable 'ReadStatusCmd' [-Wunused-variable]
  u8 FSRFlag, ReadStatusCmd;
              ^~~~~~~~~~~~~
xilisf_erase.c:614:5: warning: unused variable 'FSRFlag' [-Wunused-variable]
  u8 FSRFlag, ReadStatusCmd;
     ^~~~~~~
xilisf_erase.c:609:5: warning: unused variable 'FlashStatus' [-Wunused-variable]
  u8 FlashStatus[2] __attribute__ ((aligned(4))) = {0};
     ^~~~~~~~~~~
xilisf_erase.c:606:5: warning: unused variable 'ReadFlagSRCmd' [-Wunused-variable]
  u8 ReadFlagSRCmd[] = {READ_FLAG_STATUS_CMD, 0};
     ^~~~~~~~~~~~~
xilisf_erase.c:605:5: warning: unused variable 'ReadStatusCmdBuf' [-Wunused-variable]
  u8 ReadStatusCmdBuf[] = { READ_STATUS_CMD, 0 };
     ^~~~~~~~~~~~~~~~
xilisf_erase.c:604:5: warning: unused variable 'FlagStatus' [-Wunused-variable]
  u8 FlagStatus[2] = {0};
     ^~~~~~~~~~
xilisf_erase.c: In function 'BulkErase':
xilisf_erase.c:898:6: warning: unused variable 'NULLPtr' [-Wunused-variable]
  u8 *NULLPtr = NULL;
      ^~~~~~~
xilisf_erase.c:895:28: warning: unused parameter 'InstancePtr' [-Wunused-parameter]
 static int BulkErase(XIsf *InstancePtr)
                      ~~~~~~^~~~~~~~~~~
xilisf_spr.c: In function 'SprRead':
xilisf_spr.c:206:24: warning: comparison of integer expressions of different signedness: 'u32' {aka 'long unsigned int'} and 'int' [-Wsign-compare]
  for (Index = 1; Index < (InstancePtr->NumOfSectors +
                        ^
xilisf_spr.c: In function 'SprProgram':
xilisf_spr.c:265:24: warning: comparison of integer expressions of different signedness: 'u32' {aka 'long unsigned int'} and 'int' [-Wsign-compare]
  for (Index = 4; Index < (InstancePtr->NumOfSectors +
                        ^
Finished building libraries
10:00:23 **** Auto Build of configuration Debug for project srec_spi_bootloader ****
make all 
Building file: ../src/bootloader.c
Invoking: MicroBlaze gcc compiler
mb-gcc -Wall -O0 -g3 -c -fmessage-length=0 -MT"src/bootloader.o" -I../../srec_spi_bootloader_bsp/sys_mb_microblaze_0/include -mlittle-endian -mxl-barrel-shift -mxl-pattern-compare -mno-xl-soft-div -mcpu=v11.0 -mno-xl-soft-mul -mhard-float -Wl,--no-relax -ffunction-sections -fdata-sections -MMD -MP -MF"src/bootloader.d" -MT"src/bootloader.o" -o "src/bootloader.o" "../src/bootloader.c"
In file included from ../src/bootloader.c:37:
../src/blconfig.h:32:2: warning: #warning "Please provide the correct address value for the definition FLASH_IMAGE_BASEADDR. Please give the flash offset @ which SREC application is programmed" [-Wcpp]
 #warning "Please provide the correct address value for the definition FLASH_IMAGE_BASEADDR. Please give the flash offset @ which SREC application is programmed"
  ^~~~~~~
../src/bootloader.c:62:2: warning: #warning "Set your Device ID here, as defined in xparameters.h" [-Wcpp]
 #warning "Set your Device ID here, as defined in xparameters.h"
  ^~~~~~~
../src/bootloader.c:142:5: warning: pointer targets in initialization of 'int8_t *' {aka 'signed char *'} from 'char *' differ in signedness [-Wpointer-sign]
     "",
     ^~
../src/bootloader.c:142:5: note: (near initialization for 'errors[0]')
../src/bootloader.c:143:5: warning: pointer targets in initialization of 'int8_t *' {aka 'signed char *'} from 'char *' differ in signedness [-Wpointer-sign]
     "Error while copying executable image into RAM",
     ^~~~~~~~~~~~~~~~~~~~~~~~~~~~~~~~~~~~~~~~~~~~~~~
../src/bootloader.c:143:5: note: (near initialization for 'errors[1]')
../src/bootloader.c:144:5: warning: pointer targets in initialization of 'int8_t *' {aka 'signed char *'} from 'char *' differ in signedness [-Wpointer-sign]
     "Error while reading an SREC line from flash",
     ^~~~~~~~~~~~~~~~~~~~~~~~~~~~~~~~~~~~~~~~~~~~~
../src/bootloader.c:144:5: note: (near initialization for 'errors[2]')
../src/bootloader.c:145:5: warning: pointer targets in initialization of 'int8_t *' {aka 'signed char *'} from 'char *' differ in signedness [-Wpointer-sign]
     "SREC line is corrupted",
     ^~~~~~~~~~~~~~~~~~~~~~~~
../src/bootloader.c:145:5: note: (near initialization for 'errors[3]')
../src/bootloader.c:146:5: warning: pointer targets in initialization of 'int8_t *' {aka 'signed char *'} from 'char *' differ in signedness [-Wpointer-sign]
     "SREC has invalid checksum."
     ^~~~~~~~~~~~~~~~~~~~~~~~~~~~
../src/bootloader.c:146:5: note: (near initialization for 'errors[4]')
../src/bootloader.c: In function 'main':
../src/bootloader.c:239:22: warning: pointer targets in passing argument 1 of 'print' differ in signedness [-Wpointer-sign]
         print (errors[ret]);
                ~~~~~~^~~~~
In file included from ../src/bootloader.c:34:
/opt/Xilinx/SDK/2019.1/gnu/microblaze/lin/microblaze-xilinx-elf/include/stdio.h:250:6: note: expected 'const char *' but argument is of type 'int8_t *' {aka 'signed char *'}
 void print (const char* );
      ^~~~~
../src/bootloader.c:242:22: warning: pointer targets in passing argument 1 of 'print' differ in signedness [-Wpointer-sign]
         print (errors[ret]);
                ~~~~~~^~~~~
In file included from ../src/bootloader.c:34:
/opt/Xilinx/SDK/2019.1/gnu/microblaze/lin/microblaze-xilinx-elf/include/stdio.h:250:6: note: expected 'const char *' but argument is of type 'int8_t *' {aka 'signed char *'}
 void print (const char* );
      ^~~~~
../src/bootloader.c: In function 'flash_get_srec_line':
../src/bootloader.c:338:24: warning: assignment to 'u32' {aka 'long unsigned int'} from 'uint8_t *' {aka 'unsigned char *'} makes integer from pointer without a cast [-Wint-conversion]
      ReadParam.Address = flbuf++;
                        ^
../src/bootloader.c:377:6: warning: implicit declaration of function 'IsfWaitForFlashNotBusy' [-Wimplicit-function-declaration]
      IsfWaitForFlashNotBusy();
      ^~~~~~~~~~~~~~~~~~~~~~
../src/bootloader.c:383:28: warning: assignment to 'u32' {aka 'long unsigned int'} from 'uint8_t *' {aka 'unsigned char *'} makes integer from pointer without a cast [-Wint-conversion]
          ReadParam.Address = flbuf++;
                            ^
Finished building: ../src/bootloader.c
 
Building file: ../src/si5338.c
Invoking: MicroBlaze gcc compiler
mb-gcc -Wall -O0 -g3 -c -fmessage-length=0 -MT"src/si5338.o" -I../../srec_spi_bootloader_bsp/sys_mb_microblaze_0/include -mlittle-endian -mxl-barrel-shift -mxl-pattern-compare -mno-xl-soft-div -mcpu=v11.0 -mno-xl-soft-mul -mhard-float -Wl,--no-relax -ffunction-sections -fdata-sections -MMD -MP -MF"src/si5338.d" -MT"src/si5338.o" -o "src/si5338.o" "../src/si5338.c"
../src/si5338.c: In function 'si5338_delay':
../src/si5338.c:93:2: warning: implicit declaration of function 'usleep'; did you mean 'mb_sleep'? [-Wimplicit-function-declaration]
  usleep(delay_ms*1000);
  ^~~~~~
  mb_sleep
Finished building: ../src/si5338.c
 
Building target: srec_spi_bootloader.elf
Invoking: MicroBlaze gcc linker
mb-gcc -Wl,-T -Wl,../src/lscript.ld -L../../srec_spi_bootloader_bsp/sys_mb_microblaze_0/lib -mlittle-endian -mxl-barrel-shift -mxl-pattern-compare -mno-xl-soft-div -mcpu=v11.0 -mno-xl-soft-mul -mhard-float -Wl,--no-relax -Wl,--gc-sections -o "srec_spi_bootloader.elf"  ./src/bootloader.o ./src/platform.o ./src/si5338.o ./src/srec.o   -Wl,--start-group,-lxil,-lgcc,-lc,--end-group -Wl,--start-group,-lxilisf,-lxil,-lgcc,-lc,--end-group
Finished building target: srec_spi_bootloader.elf
 
Invoking: MicroBlaze Print Size
mb-size srec_spi_bootloader.elf  |tee "srec_spi_bootloader.elf.size"
   text	   data	    bss	    dec	    hex	filename
  20512	    704	   1928	  23144	   5a68	srec_spi_bootloader.elf
Finished building: srec_spi_bootloader.elf.size
 
10:00:23 **** Build of configuration Debug for project fmcjesd ****
make all 
Building file: ../src/ad9250.c
Invoking: MicroBlaze gcc compiler
mb-gcc -Wall -O0 -g3 -c -fmessage-length=0 -MT"src/ad9250.o" -I../../srec_spi_bootloader_bsp/sys_mb_microblaze_0/include -mlittle-endian -mxl-barrel-shift -mxl-pattern-compare -mno-xl-soft-div -mcpu=v11.0 -mno-xl-soft-mul -mhard-float -Wl,--no-relax -ffunction-sections -fdata-sections -MMD -MP -MF"src/ad9250.d" -MT"src/ad9250.o" -o "src/ad9250.o" "../src/ad9250.c"
Finished building: ../src/ad9250.c
 
Building file: ../src/ad9517.c
Invoking: MicroBlaze gcc compiler
mb-gcc -Wall -O0 -g3 -c -fmessage-length=0 -MT"src/ad9517.o" -I../../srec_spi_bootloader_bsp/sys_mb_microblaze_0/include -mlittle-endian -mxl-barrel-shift -mxl-pattern-compare -mno-xl-soft-div -mcpu=v11.0 -mno-xl-soft-mul -mhard-float -Wl,--no-relax -ffunction-sections -fdata-sections -MMD -MP -MF"src/ad9517.d" -MT"src/ad9517.o" -o "src/ad9517.o" "../src/ad9517.c"
Finished building: ../src/ad9517.c
 
Building file: ../src/adc_core.c
Invoking: MicroBlaze gcc compiler
mb-gcc -Wall -O0 -g3 -c -fmessage-length=0 -MT"src/adc_core.o" -I../../srec_spi_bootloader_bsp/sys_mb_microblaze_0/include -mlittle-endian -mxl-barrel-shift -mxl-pattern-compare -mno-xl-soft-div -mcpu=v11.0 -mno-xl-soft-mul -mhard-float -Wl,--no-relax -ffunction-sections -fdata-sections -MMD -MP -MF"src/adc_core.d" -MT"src/adc_core.o" -o "src/adc_core.o" "../src/adc_core.c"
Finished building: ../src/adc_core.c
 
Building file: ../src/adxcvr.c
Invoking: MicroBlaze gcc compiler
mb-gcc -Wall -O0 -g3 -c -fmessage-length=0 -MT"src/adxcvr.o" -I../../srec_spi_bootloader_bsp/sys_mb_microblaze_0/include -mlittle-endian -mxl-barrel-shift -mxl-pattern-compare -mno-xl-soft-div -mcpu=v11.0 -mno-xl-soft-mul -mhard-float -Wl,--no-relax -ffunction-sections -fdata-sections -MMD -MP -MF"src/adxcvr.d" -MT"src/adxcvr.o" -o "src/adxcvr.o" "../src/adxcvr.c"
Finished building: ../src/adxcvr.c
 
Building file: ../src/dmac_core.c
Invoking: MicroBlaze gcc compiler
mb-gcc -Wall -O0 -g3 -c -fmessage-length=0 -MT"src/dmac_core.o" -I../../srec_spi_bootloader_bsp/sys_mb_microblaze_0/include -mlittle-endian -mxl-barrel-shift -mxl-pattern-compare -mno-xl-soft-div -mcpu=v11.0 -mno-xl-soft-mul -mhard-float -Wl,--no-relax -ffunction-sections -fdata-sections -MMD -MP -MF"src/dmac_core.d" -MT"src/dmac_core.o" -o "src/dmac_core.o" "../src/dmac_core.c"
Finished building: ../src/dmac_core.c
 
Building file: ../src/jesd_core.c
Invoking: MicroBlaze gcc compiler
mb-gcc -Wall -O0 -g3 -c -fmessage-length=0 -MT"src/jesd_core.o" -I../../srec_spi_bootloader_bsp/sys_mb_microblaze_0/include -mlittle-endian -mxl-barrel-shift -mxl-pattern-compare -mno-xl-soft-div -mcpu=v11.0 -mno-xl-soft-mul -mhard-float -Wl,--no-relax -ffunction-sections -fdata-sections -MMD -MP -MF"src/jesd_core.d" -MT"src/jesd_core.o" -o "src/jesd_core.o" "../src/jesd_core.c"
Finished building: ../src/jesd_core.c
 
Building file: ../src/main.c
Invoking: MicroBlaze gcc compiler
mb-gcc -Wall -O0 -g3 -c -fmessage-length=0 -MT"src/main.o" -I../../srec_spi_bootloader_bsp/sys_mb_microblaze_0/include -mlittle-endian -mxl-barrel-shift -mxl-pattern-compare -mno-xl-soft-div -mcpu=v11.0 -mno-xl-soft-mul -mhard-float -Wl,--no-relax -ffunction-sections -fdata-sections -MMD -MP -MF"src/main.d" -MT"src/main.o" -o "src/main.o" "../src/main.c"
../src/main.c: In function 'main':
../src/main.c:111:9: warning: unused variable 'print_index' [-Wunused-variable]
     int print_index = 0;
         ^~~~~~~~~~~
Finished building: ../src/main.c
 
Building file: ../src/platform.c
Invoking: MicroBlaze gcc compiler
mb-gcc -Wall -O0 -g3 -c -fmessage-length=0 -MT"src/platform.o" -I../../srec_spi_bootloader_bsp/sys_mb_microblaze_0/include -mlittle-endian -mxl-barrel-shift -mxl-pattern-compare -mno-xl-soft-div -mcpu=v11.0 -mno-xl-soft-mul -mhard-float -Wl,--no-relax -ffunction-sections -fdata-sections -MMD -MP -MF"src/platform.d" -MT"src/platform.o" -o "src/platform.o" "../src/platform.c"
Finished building: ../src/platform.c
 
Building file: ../src/platform_drivers.c
Invoking: MicroBlaze gcc compiler
mb-gcc -Wall -O0 -g3 -c -fmessage-length=0 -MT"src/platform_drivers.o" -I../../srec_spi_bootloader_bsp/sys_mb_microblaze_0/include -mlittle-endian -mxl-barrel-shift -mxl-pattern-compare -mno-xl-soft-div -mcpu=v11.0 -mno-xl-soft-mul -mhard-float -Wl,--no-relax -ffunction-sections -fdata-sections -MMD -MP -MF"src/platform_drivers.d" -MT"src/platform_drivers.o" -o "src/platform_drivers.o" "../src/platform_drivers.c"
Finished building: ../src/platform_drivers.c
 
Building file: ../src/xilinx_qpll.c
Invoking: MicroBlaze gcc compiler
mb-gcc -Wall -O0 -g3 -c -fmessage-length=0 -MT"src/xilinx_qpll.o" -I../../srec_spi_bootloader_bsp/sys_mb_microblaze_0/include -mlittle-endian -mxl-barrel-shift -mxl-pattern-compare -mno-xl-soft-div -mcpu=v11.0 -mno-xl-soft-mul -mhard-float -Wl,--no-relax -ffunction-sections -fdata-sections -MMD -MP -MF"src/xilinx_qpll.d" -MT"src/xilinx_qpll.o" -o "src/xilinx_qpll.o" "../src/xilinx_qpll.c"
../src/xilinx_qpll.c: In function 'xilinx_xcvr_calc_qpll_config':
../src/xilinx_qpll.c:125:52: warning: format '%u' expects argument of type 'unsigned int', but argument 3 has type 'uint32_t' {aka 'long unsigned int'} [-Wformat=]
  printf("%s: Failed to find matching dividers for %u kHz rate\n",
                                                   ~^
                                                   %lu
         __func__, lane_rate_khz);
                   ~~~~~~~~~~~~~                     
../src/xilinx_qpll.c: In function 'xilinx_xcvr_gtx2_qpll_write_config':
../src/xilinx_qpll.c:279:36: warning: format '%u' expects argument of type 'unsigned int', but argument 2 has type 'uint32_t' {aka 'const long unsigned int'} [-Wformat=]
   printf("Invalid refclk divider: %u\n", conf->refclk_div);
                                   ~^     ~~~~~~~~~~~~~~~~
                                   %lu
../src/xilinx_qpll.c:312:38: warning: format '%u' expects argument of type 'unsigned int', but argument 2 has type 'uint32_t' {aka 'const long unsigned int'} [-Wformat=]
   printf("Invalid feedback divider: %u\n", conf->fb_div);
                                     ~^     ~~~~~~~~~~~~
                                     %lu
../src/xilinx_qpll.c: In function 'xilinx_xcvr_gth34_qpll_write_config':
../src/xilinx_qpll.c:370:36: warning: format '%u' expects argument of type 'unsigned int', but argument 2 has type 'uint32_t' {aka 'const long unsigned int'} [-Wformat=]
   printf("Invalid refclk divider: %u\n", conf->refclk_div);
                                   ~^     ~~~~~~~~~~~~~~~~
                                   %lu
Finished building: ../src/xilinx_qpll.c
 
Building file: ../src/xilinx_xcvr_channel.c
Invoking: MicroBlaze gcc compiler
mb-gcc -Wall -O0 -g3 -c -fmessage-length=0 -MT"src/xilinx_xcvr_channel.o" -I../../srec_spi_bootloader_bsp/sys_mb_microblaze_0/include -mlittle-endian -mxl-barrel-shift -mxl-pattern-compare -mno-xl-soft-div -mcpu=v11.0 -mno-xl-soft-mul -mhard-float -Wl,--no-relax -ffunction-sections -fdata-sections -MMD -MP -MF"src/xilinx_xcvr_channel.d" -MT"src/xilinx_xcvr_channel.o" -o "src/xilinx_xcvr_channel.o" "../src/xilinx_xcvr_channel.c"
../src/xilinx_xcvr_channel.c: In function 'xilinx_xcvr_calc_cpll_config':
../src/xilinx_xcvr_channel.c:103:52: warning: format '%u' expects argument of type 'unsigned int', but argument 3 has type 'uint32_t' {aka 'long unsigned int'} [-Wformat=]
  printf("%s: Failed to find matching dividers for %u kHz rate\n",
                                                   ~^
                                                   %lu
         __func__, lane_rate_khz);
                   ~~~~~~~~~~~~~                     
Finished building: ../src/xilinx_xcvr_channel.c
 
Building target: fmcjesd.elf
Invoking: MicroBlaze gcc linker
mb-gcc -Wl,-T -Wl,../src/lscript.ld -L../../srec_spi_bootloader_bsp/sys_mb_microblaze_0/lib -mlittle-endian -mxl-barrel-shift -mxl-pattern-compare -mno-xl-soft-div -mcpu=v11.0 -mno-xl-soft-mul -mhard-float -Wl,--no-relax -Wl,--gc-sections -o "fmcjesd.elf"  ./src/ad9250.o ./src/ad9517.o ./src/adc_core.o ./src/adxcvr.o ./src/dmac_core.o ./src/jesd_core.o ./src/main.o ./src/platform.o ./src/platform_drivers.o ./src/xilinx_qpll.o ./src/xilinx_xcvr_channel.o   -Wl,--start-group,-lxil,-lgcc,-lc,--end-group -Wl,--start-group,-lxilisf,-lxil,-lgcc,-lc,--end-group
Finished building target: fmcjesd.elf
 
Invoking: MicroBlaze Print Size
mb-size fmcjesd.elf  |tee "fmcjesd.elf.size"
   text	   data	    bss	    dec	    hex	filename
  86036	   1788	   5224	  93048	  16b78	fmcjesd.elf
Finished building: fmcjesd.elf.size
 
10:00:29 **** Incremental Build of configuration Debug for project fmcjesd ****
make all 
make: Nothing to be done for 'all'.
10:00:51 **** Incremental Build of configuration Debug for project fmcjesd ****
make all 
make: Nothing to be done for 'all'.
