10:00:23 **** Auto Build of configuration Debug for project srec_spi_bootloader ****
make all 
Building file: ../src/bootloader.c
Invoking: MicroBlaze gcc compiler
mb-gcc -Wall -O0 -g3 -c -fmessage-length=0 -MT"src/bootloader.o" -I../../srec_spi_bootloader_bsp/sys_mb_microblaze_0/include -mlittle-endian -mxl-barrel-shift -mxl-pattern-compare -mno-xl-soft-div -mcpu=v11.0 -mno-xl-soft-mul -mhard-float -Wl,--no-relax -ffunction-sections -fdata-sections -MMD -MP -MF"src/bootloader.d" -MT"src/bootloader.o" -o "src/bootloader.o" "../src/bootloader.c"
In file included from ../src/bootloader.c:37:
../src/blconfig.h:32:2: warning: #warning "Please provide the correct address value for the definition FLASH_IMAGE_BASEADDR. Please give the flash offset @ which SREC application is programmed" [-Wcpp]
 #warning "Please provide the correct address value for the definition FLASH_IMAGE_BASEADDR. Please give the flash offset @ which SREC application is programmed"
  ^~~~~~~
../src/bootloader.c:62:2: warning: #warning "Set your Device ID here, as defined in xparameters.h" [-Wcpp]
 #warning "Set your Device ID here, as defined in xparameters.h"
  ^~~~~~~
../src/bootloader.c:142:5: warning: pointer targets in initialization of 'int8_t *' {aka 'signed char *'} from 'char *' differ in signedness [-Wpointer-sign]
     "",
     ^~
../src/bootloader.c:142:5: note: (near initialization for 'errors[0]')
../src/bootloader.c:143:5: warning: pointer targets in initialization of 'int8_t *' {aka 'signed char *'} from 'char *' differ in signedness [-Wpointer-sign]
     "Error while copying executable image into RAM",
     ^~~~~~~~~~~~~~~~~~~~~~~~~~~~~~~~~~~~~~~~~~~~~~~
../src/bootloader.c:143:5: note: (near initialization for 'errors[1]')
../src/bootloader.c:144:5: warning: pointer targets in initialization of 'int8_t *' {aka 'signed char *'} from 'char *' differ in signedness [-Wpointer-sign]
     "Error while reading an SREC line from flash",
     ^~~~~~~~~~~~~~~~~~~~~~~~~~~~~~~~~~~~~~~~~~~~~
../src/bootloader.c:144:5: note: (near initialization for 'errors[2]')
../src/bootloader.c:145:5: warning: pointer targets in initialization of 'int8_t *' {aka 'signed char *'} from 'char *' differ in signedness [-Wpointer-sign]
     "SREC line is corrupted",
     ^~~~~~~~~~~~~~~~~~~~~~~~
../src/bootloader.c:145:5: note: (near initialization for 'errors[3]')
../src/bootloader.c:146:5: warning: pointer targets in initialization of 'int8_t *' {aka 'signed char *'} from 'char *' differ in signedness [-Wpointer-sign]
     "SREC has invalid checksum."
     ^~~~~~~~~~~~~~~~~~~~~~~~~~~~
../src/bootloader.c:146:5: note: (near initialization for 'errors[4]')
../src/bootloader.c: In function 'main':
../src/bootloader.c:239:22: warning: pointer targets in passing argument 1 of 'print' differ in signedness [-Wpointer-sign]
         print (errors[ret]);
                ~~~~~~^~~~~
In file included from ../src/bootloader.c:34:
/opt/Xilinx/SDK/2019.1/gnu/microblaze/lin/microblaze-xilinx-elf/include/stdio.h:250:6: note: expected 'const char *' but argument is of type 'int8_t *' {aka 'signed char *'}
 void print (const char* );
      ^~~~~
../src/bootloader.c:242:22: warning: pointer targets in passing argument 1 of 'print' differ in signedness [-Wpointer-sign]
         print (errors[ret]);
                ~~~~~~^~~~~
In file included from ../src/bootloader.c:34:
/opt/Xilinx/SDK/2019.1/gnu/microblaze/lin/microblaze-xilinx-elf/include/stdio.h:250:6: note: expected 'const char *' but argument is of type 'int8_t *' {aka 'signed char *'}
 void print (const char* );
      ^~~~~
../src/bootloader.c: In function 'flash_get_srec_line':
../src/bootloader.c:338:24: warning: assignment to 'u32' {aka 'long unsigned int'} from 'uint8_t *' {aka 'unsigned char *'} makes integer from pointer without a cast [-Wint-conversion]
      ReadParam.Address = flbuf++;
                        ^
../src/bootloader.c:377:6: warning: implicit declaration of function 'IsfWaitForFlashNotBusy' [-Wimplicit-function-declaration]
      IsfWaitForFlashNotBusy();
      ^~~~~~~~~~~~~~~~~~~~~~
../src/bootloader.c:383:28: warning: assignment to 'u32' {aka 'long unsigned int'} from 'uint8_t *' {aka 'unsigned char *'} makes integer from pointer without a cast [-Wint-conversion]
          ReadParam.Address = flbuf++;
                            ^
Finished building: ../src/bootloader.c
 
Building file: ../src/si5338.c
Invoking: MicroBlaze gcc compiler
mb-gcc -Wall -O0 -g3 -c -fmessage-length=0 -MT"src/si5338.o" -I../../srec_spi_bootloader_bsp/sys_mb_microblaze_0/include -mlittle-endian -mxl-barrel-shift -mxl-pattern-compare -mno-xl-soft-div -mcpu=v11.0 -mno-xl-soft-mul -mhard-float -Wl,--no-relax -ffunction-sections -fdata-sections -MMD -MP -MF"src/si5338.d" -MT"src/si5338.o" -o "src/si5338.o" "../src/si5338.c"
../src/si5338.c: In function 'si5338_delay':
../src/si5338.c:93:2: warning: implicit declaration of function 'usleep'; did you mean 'mb_sleep'? [-Wimplicit-function-declaration]
  usleep(delay_ms*1000);
  ^~~~~~
  mb_sleep
Finished building: ../src/si5338.c
 
Building target: srec_spi_bootloader.elf
Invoking: MicroBlaze gcc linker
mb-gcc -Wl,-T -Wl,../src/lscript.ld -L../../srec_spi_bootloader_bsp/sys_mb_microblaze_0/lib -mlittle-endian -mxl-barrel-shift -mxl-pattern-compare -mno-xl-soft-div -mcpu=v11.0 -mno-xl-soft-mul -mhard-float -Wl,--no-relax -Wl,--gc-sections -o "srec_spi_bootloader.elf"  ./src/bootloader.o ./src/platform.o ./src/si5338.o ./src/srec.o   -Wl,--start-group,-lxil,-lgcc,-lc,--end-group -Wl,--start-group,-lxilisf,-lxil,-lgcc,-lc,--end-group
Finished building target: srec_spi_bootloader.elf
 
Invoking: MicroBlaze Print Size
mb-size srec_spi_bootloader.elf  |tee "srec_spi_bootloader.elf.size"
   text	   data	    bss	    dec	    hex	filename
  20512	    704	   1928	  23144	   5a68	srec_spi_bootloader.elf
Finished building: srec_spi_bootloader.elf.size
 

10:00:23 Build Finished (took 274ms)

